Current working directory: /rds/general/project/lms-scott-raw/live/Ada/perturbation_modeling
Loading 1_weightloss.h5ad...
Loading 1_weightloss.dataset...
Using 16-mixed precision for inference
-- Initializing scmaskgit model
Start perturbation ...
- Validation mode: inference
- Perturbation sequence: ['src']
- Perturbing genes: ['ENSG00000131459']
- Perturbation mode: mask
- Perturbation tps: None

-- Initializing scmaskgit model
Start datamodule
Define context_tps for testing
Testing: |          | 0/? [00:00<?, ?it/s]Testing:   0%|          | 0/16 [00:00<?, ?it/s]Testing DataLoader 0:   0%|          | 0/16 [00:00<?, ?it/s]Testing DataLoader 0:   6%|▋         | 1/16 [00:04<01:00,  0.25it/s]Testing DataLoader 0:  12%|█▎        | 2/16 [00:04<00:29,  0.47it/s]Testing DataLoader 0:  19%|█▉        | 3/16 [00:04<00:19,  0.67it/s]Testing DataLoader 0:  25%|██▌       | 4/16 [00:04<00:13,  0.86it/s]Testing DataLoader 0:  31%|███▏      | 5/16 [00:04<00:10,  1.04it/s]No cells with perturbed genes ['ENSG00000131459'] found in the batch. Skipping test step.
Testing DataLoader 0:  38%|███▊      | 6/16 [00:04<00:08,  1.24it/s]No cells with perturbed genes ['ENSG00000131459'] found in the batch. Skipping test step.
Testing DataLoader 0:  44%|████▍     | 7/16 [00:04<00:06,  1.45it/s]No cells with perturbed genes ['ENSG00000131459'] found in the batch. Skipping test step.
Testing DataLoader 0:  50%|█████     | 8/16 [00:04<00:04,  1.66it/s]No cells with perturbed genes ['ENSG00000131459'] found in the batch. Skipping test step.
Testing DataLoader 0:  56%|█████▋    | 9/16 [00:04<00:03,  1.86it/s]Testing DataLoader 0:  62%|██████▎   | 10/16 [00:05<00:03,  1.99it/s]Testing DataLoader 0:  69%|██████▉   | 11/16 [00:05<00:02,  2.07it/s]Testing DataLoader 0:  75%|███████▌  | 12/16 [00:05<00:01,  2.18it/s]No cells with perturbed genes ['ENSG00000131459'] found in the batch. Skipping test step.
Testing DataLoader 0:  81%|████████▏ | 13/16 [00:05<00:01,  2.36it/s]No cells with perturbed genes ['ENSG00000131459'] found in the batch. Skipping test step.
Testing DataLoader 0:  88%|████████▊ | 14/16 [00:05<00:00,  2.54it/s]Testing DataLoader 0:  94%|█████████▍| 15/16 [00:05<00:00,  2.63it/s]Testing DataLoader 0: 100%|██████████| 16/16 [00:05<00:00,  2.71it/s]---Generating anndata
(58, 1974)
Testing DataLoader 0: 100%|██████████| 16/16 [00:07<00:00,  2.24it/s]python /rds/general/user/ap5625/home/perturbation_modeling/perturbGEN/subset_2k_adipocytes/perturb_val_adipocytes.py --config /rds/general/user/ap5625/home/perturbation_modeling/perturbGEN/subset_2k_adipocytes/perturbation_adipocytes_GFPT2.yaml

====================================
CPU Time used: 00:00:14
CPU Percent: 11%
Memory usage: 1806552kb
Approx Power usage: 0.0
Walltime usage: 00:03:29

====================================
