Current working directory: /rds/general/project/lms-scott-raw/live/Ada/perturbation_modeling
Loading 1_weightloss.h5ad...
Loading 1_weightloss.dataset...
Using 16-mixed precision for inference
-- Initializing scmaskgit model
Start perturbation ...
- Validation mode: inference
- Perturbation sequence: ['src']
- Perturbing genes: ['ENSG00000131459']
- Perturbation mode: mask
- Perturbation tps: None

-- Initializing scmaskgit model
Start datamodule
Define context_tps for testing
python /rds/general/user/ap5625/home/perturbation_modeling/perturbGEN/subset_2k_adipocytes/perturb_val_adipocytes.py --config /rds/general/user/ap5625/home/perturbation_modeling/perturbGEN/subset_2k_adipocytes/perturbation_adipocytes_GFPT2.yaml

====================================
CPU Time used: 00:00:14
CPU Percent: 2%
Memory usage: 879568kb
Approx Power usage: 0.0
Walltime usage: 00:14:48

====================================
