Seed set to 42
Using 16bit Automatic Mixed Precision (AMP)
GPU available: True (cuda), used: True
TPU available: False, using: 0 TPU cores
HPU available: False, using: 0 HPUs
You are using a CUDA device ('NVIDIA L40S') that has Tensor Cores. To properly utilize them, you should set `torch.set_float32_matmul_precision('medium' | 'high')` which will trade-off precision for performance. For more details, read https://pytorch.org/docs/stable/generated/torch.set_float32_matmul_precision.html#torch.set_float32_matmul_precision
Restoring states from the checkpoint path at /rds/general/project/lms-scott-raw/live/Ada/perturbation_modeling/T_perturb/res/count/checkpoints/20260609_1327_cellgen_train_count_lr_0.001_wd_0.001_batch_16_drop_0.1_zinb_tp_1_s_0_pos_time_pos_sin_m_cosine-epoch=14.ckpt
LOCAL_RANK: 0 - CUDA_VISIBLE_DEVICES: [GPU-08b6aa17-967e-ac0a-c1b2-4ba37730fa66]
Loaded model weights from the checkpoint at /rds/general/project/lms-scott-raw/live/Ada/perturbation_modeling/T_perturb/res/count/checkpoints/20260609_1327_cellgen_train_count_lr_0.001_wd_0.001_batch_16_drop_0.1_zinb_tp_1_s_0_pos_time_pos_sin_m_cosine-epoch=14.ckpt
Traceback (most recent call last):
  File "/rds/general/user/ap5625/home/perturbation_modeling/perturbGEN/subset_2k_adipocytes/perturb_val_adipocytes.py", line 286, in <module>
    main()
  File "/rds/general/user/ap5625/home/perturbation_modeling/perturbGEN/subset_2k_adipocytes/perturb_val_adipocytes.py", line 272, in main
    trainer.test(
  File "/rds/general/user/ap5625/home/miniforge3/envs/perturbgen/lib/python3.11/site-packages/pytorch_lightning/trainer/trainer.py", line 748, in test
    return call._call_and_handle_interrupt(
           ^^^^^^^^^^^^^^^^^^^^^^^^^^^^^^^^
  File "/rds/general/user/ap5625/home/miniforge3/envs/perturbgen/lib/python3.11/site-packages/pytorch_lightning/trainer/call.py", line 47, in _call_and_handle_interrupt
    return trainer_fn(*args, **kwargs)
           ^^^^^^^^^^^^^^^^^^^^^^^^^^^
  File "/rds/general/user/ap5625/home/miniforge3/envs/perturbgen/lib/python3.11/site-packages/pytorch_lightning/trainer/trainer.py", line 788, in _test_impl
    results = self._run(model, ckpt_path=ckpt_path)
              ^^^^^^^^^^^^^^^^^^^^^^^^^^^^^^^^^^^^^
  File "/rds/general/user/ap5625/home/miniforge3/envs/perturbgen/lib/python3.11/site-packages/pytorch_lightning/trainer/trainer.py", line 981, in _run
    results = self._run_stage()
              ^^^^^^^^^^^^^^^^^
  File "/rds/general/user/ap5625/home/miniforge3/envs/perturbgen/lib/python3.11/site-packages/pytorch_lightning/trainer/trainer.py", line 1018, in _run_stage
    return self._evaluation_loop.run()
           ^^^^^^^^^^^^^^^^^^^^^^^^^^^
  File "/rds/general/user/ap5625/home/miniforge3/envs/perturbgen/lib/python3.11/site-packages/pytorch_lightning/loops/utilities.py", line 178, in _decorator
    return loop_run(self, *args, **kwargs)
           ^^^^^^^^^^^^^^^^^^^^^^^^^^^^^^^
  File "/rds/general/user/ap5625/home/miniforge3/envs/perturbgen/lib/python3.11/site-packages/pytorch_lightning/loops/evaluation_loop.py", line 135, in run
    self._evaluation_step(batch, batch_idx, dataloader_idx, dataloader_iter)
  File "/rds/general/user/ap5625/home/miniforge3/envs/perturbgen/lib/python3.11/site-packages/pytorch_lightning/loops/evaluation_loop.py", line 396, in _evaluation_step
    output = call._call_strategy_hook(trainer, hook_name, *step_args)
             ^^^^^^^^^^^^^^^^^^^^^^^^^^^^^^^^^^^^^^^^^^^^^^^^^^^^^^^^
  File "/rds/general/user/ap5625/home/miniforge3/envs/perturbgen/lib/python3.11/site-packages/pytorch_lightning/trainer/call.py", line 319, in _call_strategy_hook
    output = fn(*args, **kwargs)
             ^^^^^^^^^^^^^^^^^^^
  File "/rds/general/user/ap5625/home/miniforge3/envs/perturbgen/lib/python3.11/site-packages/pytorch_lightning/strategies/strategy.py", line 424, in test_step
    return self.lightning_module.test_step(*args, **kwargs)
           ^^^^^^^^^^^^^^^^^^^^^^^^^^^^^^^^^^^^^^^^^^^^^^^^
  File "/rds/general/project/lms-scott-raw/live/Ada/perturbation_modeling/Perturbgen/perturbgen/Perturb/trainer.py", line 642, in test_step
    mean_cos_sim_lmid = cosine_similarity(
                        ^^^^^^^^^^^^^^^^^^
TypeError: cosine_similarity(): argument 'x1' (position 1) must be Tensor, not NoneType
Traceback (most recent call last):
  File "/rds/general/user/ap5625/home/perturbation_modeling/perturbGEN/subset_2k_adipocytes/run_perturbation_GFPT2.py", line 16, in <module>
    subprocess.run(cmd, check=True)
  File "/rds/general/user/ap5625/home/miniforge3/envs/perturbgen/lib/python3.11/subprocess.py", line 571, in run
    raise CalledProcessError(retcode, process.args,
subprocess.CalledProcessError: Command '['python', '/rds/general/user/ap5625/home/perturbation_modeling/perturbGEN/subset_2k_adipocytes/perturb_val_adipocytes.py', '--config', '/rds/general/user/ap5625/home/perturbation_modeling/perturbGEN/subset_2k_adipocytes/perturbation_adipocytes_GFPT2.yaml']' returned non-zero exit status 1.
